// Jest Snapshot v1, https://goo.gl/fbAQLP

exports[`About page matches snapshot 1`] = `
<DocumentFragment>
  <div
    class="grid grid-rows-[auto,1fr,auto] min-h-screen"
  >
    <header>
      <h1>
        Title
      </h1>
      <nav>
        <a
          class="p-4 inline-block"
          href="/"
        >
          Home
        </a>
        <a
          class="p-4 inline-block"
          href="/about"
        >
          About
        </a>
      </nav>
    </header>
    <main
      class="bg-red-300"
    >
      About
    </main>
    <footer>
      <small>
        Â© 20xx example
      </small>
    </footer>
  </div>
</DocumentFragment>
`;
